0 verbose cli C:\Program Files\nodejs\node.exe C:\Program Files\nodejs\node_modules\npm\bin\npm-cli.js
1 info using npm@10.9.2
2 info using node@v22.15.0
3 silly config load:file:C:\Program Files\nodejs\node_modules\npm\npmrc
4 silly config load:file:C:\Users\Kevin\Documents\GitHub\erpillumenatelighting\tools\yaml_builder_ui\.npmrc
5 silly config load:file:C:\Users\Kevin\.npmrc
6 silly config load:file:C:\Users\Kevin\AppData\Roaming\npm\etc\npmrc
7 verbose title npm install yaml@2.8.1
8 verbose argv "install" "yaml@2.8.1" "--cache" ".npm-cache"
9 verbose logfile logs-max:10 dir:C:\Users\Kevin\Documents\GitHub\erpillumenatelighting\tools\yaml_builder_ui\.npm-cache\_logs\2026-09-28T20_04_29_087Z-
10 verbose logfile C:\Users\Kevin\Documents\GitHub\erpillumenatelighting\tools\yaml_builder_ui\.npm-cache\_logs\2026-09-28T20_04_29_087Z-debug-0.log
11 silly logfile done cleaning log files
12 silly packumentCache heap:4345298944 maxSize:1086324736 maxEntrySize:543162368
13 silly idealTree buildDeps
14 silly fetch manifest yaml@2.8.1
15 silly packumentCache full:https://registry.npmjs.org/yaml cache-miss
16 verbose shrinkwrap failed to load node_modules/.package-lock.json out of date, updated: node_modules
17 http fetch GET 200 https://registry.npmjs.org/npm 193ms
18 http fetch GET 200 https://registry.npmjs.org/yaml 122ms (cache miss)
19 silly packumentCache full:https://registry.npmjs.org/yaml set size:undefined disposed:false
20 silly placeDep ROOT yaml@2.8.1 OK for: illumenate-yaml-builder@0.1.0 want: 2.8.1
21 silly reify moves {}
22 silly audit bulk request {
22 silly audit   '@alloc/quick-lru': [ '5.2.0' ],
22 silly audit   '@babel/code-frame': [ '7.29.7' ],
22 silly audit   '@babel/compat-data': [ '7.29.7' ],
22 silly audit   '@babel/core': [ '7.29.7' ],
22 silly audit   '@babel/generator': [ '7.29.7' ],
22 silly audit   '@babel/helper-compilation-targets': [ '7.29.7' ],
22 silly audit   '@babel/helper-globals': [ '7.29.7' ],
22 silly audit   '@babel/helper-module-imports': [ '7.29.7' ],
22 silly audit   '@babel/helper-module-transforms': [ '7.29.7' ],
22 silly audit   '@babel/helper-plugin-utils': [ '7.29.7' ],
22 silly audit   '@babel/helper-string-parser': [ '7.29.7' ],
22 silly audit   '@babel/helper-validator-identifier': [ '7.29.7' ],
22 silly audit   '@babel/helper-validator-option': [ '7.29.7' ],
22 silly audit   '@babel/helpers': [ '7.29.7' ],
22 silly audit   '@babel/parser': [ '7.29.7' ],
22 silly audit   '@babel/plugin-transform-react-jsx-self': [ '7.29.7' ],
22 silly audit   '@babel/plugin-transform-react-jsx-source': [ '7.29.7' ],
22 silly audit   '@babel/template': [ '7.29.7' ],
22 silly audit   '@babel/traverse': [ '7.29.7' ],
22 silly audit   '@babel/types': [ '7.29.7' ],
22 silly audit   '@esbuild/aix-ppc64': [ '0.25.12' ],
22 silly audit   '@esbuild/android-arm': [ '0.25.12' ],
22 silly audit   '@esbuild/android-arm64': [ '0.25.12' ],
22 silly audit   '@esbuild/android-x64': [ '0.25.12' ],
22 silly audit   '@esbuild/darwin-arm64': [ '0.25.12' ],
22 silly audit   '@esbuild/darwin-x64': [ '0.25.12' ],
22 silly audit   '@esbuild/freebsd-arm64': [ '0.25.12' ],
22 silly audit   '@esbuild/freebsd-x64': [ '0.25.12' ],
22 silly audit   '@esbuild/linux-arm': [ '0.25.12' ],
22 silly audit   '@esbuild/linux-arm64': [ '0.25.12' ],
22 silly audit   '@esbuild/linux-ia32': [ '0.25.12' ],
22 silly audit   '@esbuild/linux-loong64': [ '0.25.12' ],
22 silly audit   '@esbuild/linux-mips64el': [ '0.25.12' ],
22 silly audit   '@esbuild/linux-ppc64': [ '0.25.12' ],
22 silly audit   '@esbuild/linux-riscv64': [ '0.25.12' ],
22 silly audit   '@esbuild/linux-s390x': [ '0.25.12' ],
22 silly audit   '@esbuild/linux-x64': [ '0.25.12' ],
22 silly audit   '@esbuild/netbsd-arm64': [ '0.25.12' ],
22 silly audit   '@esbuild/netbsd-x64': [ '0.25.12' ],
22 silly audit   '@esbuild/openbsd-arm64': [ '0.25.12' ],
22 silly audit   '@esbuild/openbsd-x64': [ '0.25.12' ],
22 silly audit   '@esbuild/openharmony-arm64': [ '0.25.12' ],
22 silly audit   '@esbuild/sunos-x64': [ '0.25.12' ],
22 silly audit   '@esbuild/win32-arm64': [ '0.25.12' ],
22 silly audit   '@esbuild/win32-ia32': [ '0.25.12' ],
22 silly audit   '@esbuild/win32-x64': [ '0.25.12' ],
22 silly audit   '@jridgewell/gen-mapping': [ '0.3.13' ],
22 silly audit   '@jridgewell/remapping': [ '2.3.5' ],
22 silly audit   '@jridgewell/resolve-uri': [ '3.1.2' ],
22 silly audit   '@jridgewell/sourcemap-codec': [ '1.5.5' ],
22 silly audit   '@jridgewell/trace-mapping': [ '0.3.31' ],
22 silly audit   '@nodelib/fs.scandir': [ '2.1.5' ],
22 silly audit   '@nodelib/fs.stat': [ '2.0.5' ],
22 silly audit   '@nodelib/fs.walk': [ '1.2.8' ],
22 silly audit   '@rolldown/pluginutils': [ '1.0.0-beta.27' ],
22 silly audit   '@rollup/rollup-android-arm-eabi': [ '4.60.4' ],
22 silly audit   '@rollup/rollup-android-arm64': [ '4.60.4' ],
22 silly audit   '@rollup/rollup-darwin-arm64': [ '4.60.4' ],
22 silly audit   '@rollup/rollup-darwin-x64': [ '4.60.4' ],
22 silly audit   '@rollup/rollup-freebsd-arm64': [ '4.60.4' ],
22 silly audit   '@rollup/rollup-freebsd-x64': [ '4.60.4' ],
22 silly audit   '@rollup/rollup-linux-arm-gnueabihf': [ '4.60.4' ],
22 silly audit   '@rollup/rollup-linux-arm-musleabihf': [ '4.60.4' ],
22 silly audit   '@rollup/rollup-linux-arm64-gnu': [ '4.60.4' ],
22 silly audit   '@rollup/rollup-linux-arm64-musl': [ '4.60.4' ],
22 silly audit   '@rollup/rollup-linux-loong64-gnu': [ '4.60.4' ],
22 silly audit   '@rollup/rollup-linux-loong64-musl': [ '4.60.4' ],
22 silly audit   '@rollup/rollup-linux-ppc64-gnu': [ '4.60.4' ],
22 silly audit   '@rollup/rollup-linux-ppc64-musl': [ '4.60.4' ],
22 silly audit   '@rollup/rollup-linux-riscv64-gnu': [ '4.60.4' ],
22 silly audit   '@rollup/rollup-linux-riscv64-musl': [ '4.60.4' ],
22 silly audit   '@rollup/rollup-linux-s390x-gnu': [ '4.60.4' ],
22 silly audit   '@rollup/rollup-linux-x64-gnu': [ '4.60.4' ],
22 silly audit   '@rollup/rollup-linux-x64-musl': [ '4.60.4' ],
22 silly audit   '@rollup/rollup-openbsd-x64': [ '4.60.4' ],
22 silly audit   '@rollup/rollup-openharmony-arm64': [ '4.60.4' ],
22 silly audit   '@rollup/rollup-win32-arm64-msvc': [ '4.60.4' ],
22 silly audit   '@rollup/rollup-win32-ia32-msvc': [ '4.60.4' ],
22 silly audit   '@rollup/rollup-win32-x64-gnu': [ '4.60.4' ],
22 silly audit   '@rollup/rollup-win32-x64-msvc': [ '4.60.4' ],
22 silly audit   '@types/babel__core': [ '7.20.5' ],
22 silly audit   '@types/babel__generator': [ '7.27.0' ],
22 silly audit   '@types/babel__template': [ '7.4.4' ],
22 silly audit   '@types/babel__traverse': [ '7.28.0' ],
22 silly audit   '@types/estree': [ '1.0.8' ],
22 silly audit   '@vitejs/plugin-react': [ '4.7.0' ],
22 silly audit   'any-promise': [ '1.3.0' ],
22 silly audit   anymatch: [ '3.1.3' ],
22 silly audit   arg: [ '5.0.2' ],
22 silly audit   autoprefixer: [ '10.5.0' ],
22 silly audit   'baseline-browser-mapping': [ '2.10.32' ],
22 silly audit   'binary-extensions': [ '2.3.0' ],
22 silly audit   braces: [ '3.0.3' ],
22 silly audit   browserslist: [ '4.28.2' ],
22 silly audit   'camelcase-css': [ '2.0.1' ],
22 silly audit   'caniuse-lite': [ '1.0.30001793' ],
22 silly audit   chokidar: [ '3.6.0' ],
22 silly audit   'glob-parent': [ '5.1.2', '6.0.2' ],
22 silly audit   commander: [ '4.1.1' ],
22 silly audit   'convert-source-map': [ '2.0.0' ],
22 silly audit   cssesc: [ '3.0.0' ],
22 silly audit   debug: [ '4.4.3' ],
22 silly audit   didyoumean: [ '1.2.2' ],
22 silly audit   dlv: [ '1.1.3' ],
22 silly audit   'electron-to-chromium': [ '1.5.361' ],
22 silly audit   'es-errors': [ '1.3.0' ],
22 silly audit   esbuild: [ '0.25.12' ],
22 silly audit   escalade: [ '3.2.0' ],
22 silly audit   'fast-glob': [ '3.3.3' ],
22 silly audit   fastq: [ '1.20.1' ],
22 silly audit   'fill-range': [ '7.1.1' ],
22 silly audit   'fraction.js': [ '5.3.4' ],
22 silly audit   fsevents: [ '2.3.3' ],
22 silly audit   'function-bind': [ '1.1.2' ],
22 silly audit   gensync: [ '1.0.0-beta.2' ],
22 silly audit   hasown: [ '2.0.3' ],
22 silly audit   'is-binary-path': [ '2.1.0' ],
22 silly audit   'is-core-module': [ '2.16.2' ],
22 silly audit   'is-extglob': [ '2.1.1' ],
22 silly audit   'is-glob': [ '4.0.3' ],
22 silly audit   'is-number': [ '7.0.0' ],
22 silly audit   jiti: [ '1.21.7' ],
22 silly audit   'js-tokens': [ '4.0.0' ],
22 silly audit   jsesc: [ '3.1.0' ],
22 silly audit   json5: [ '2.2.3' ],
22 silly audit   lilconfig: [ '3.1.3' ],
22 silly audit   'lines-and-columns': [ '1.2.4' ],
22 silly audit   'loose-envify': [ '1.4.0' ],
22 silly audit   'lru-cache': [ '5.1.1' ],
22 silly audit   'lucide-react': [ '0.469.0' ],
22 silly audit   merge2: [ '1.4.1' ],
22 silly audit   micromatch: [ '4.0.8' ],
22 silly audit   ms: [ '2.1.3' ],
22 silly audit   mz: [ '2.7.0' ],
22 silly audit   nanoid: [ '3.3.12' ],
22 silly audit   'node-releases': [ '2.0.46' ],
22 silly audit   'normalize-path': [ '3.0.0' ],
22 silly audit   'object-assign': [ '4.1.1' ],
22 silly audit   'object-hash': [ '3.0.0' ],
22 silly audit   'path-parse': [ '1.0.7' ],
22 silly audit   picocolors: [ '1.1.1' ],
22 silly audit   picomatch: [ '2.3.2', '4.0.4' ],
22 silly audit   pify: [ '2.3.0' ],
22 silly audit   pirates: [ '4.0.7' ],
22 silly audit   postcss: [ '8.5.15' ],
22 silly audit   'postcss-import': [ '15.1.0' ],
22 silly audit   'postcss-js': [ '4.1.0' ],
22 silly audit   'postcss-load-config': [ '6.0.1' ],
22 silly audit   'postcss-nested': [ '6.2.0' ],
22 silly audit   'postcss-selector-parser': [ '6.1.2' ],
22 silly audit   'postcss-value-parser': [ '4.2.0' ],
22 silly audit   'queue-microtask': [ '1.2.3' ],
22 silly audit   react: [ '18.3.1' ],
22 silly audit   'react-dom': [ '18.3.1' ],
22 silly audit   'react-refresh': [ '0.17.0' ],
22 silly audit   'read-cache': [ '1.0.0' ],
22 silly audit   readdirp: [ '3.6.0' ],
22 silly audit   resolve: [ '1.22.12' ],
22 silly audit   reusify: [ '1.1.0' ],
22 silly audit   rollup: [ '4.60.4' ],
22 silly audit   'run-parallel': [ '1.2.0' ],
22 silly audit   scheduler: [ '0.23.2' ],
22 silly audit   semver: [ '6.3.1' ],
22 silly audit   'source-map-js': [ '1.2.1' ],
22 silly audit   sucrase: [ '3.35.1' ],
22 silly audit   'supports-preserve-symlinks-flag': [ '1.0.0' ],
22 silly audit   tailwindcss: [ '3.4.19' ],
22 silly audit   thenify: [ '3.3.1' ],
22 silly audit   'thenify-all': [ '1.6.0' ],
22 silly audit   tinyglobby: [ '0.2.16' ],
22 silly audit   fdir: [ '6.5.0' ],
22 silly audit   'to-regex-range': [ '5.0.1' ],
22 silly audit   'ts-interface-checker': [ '0.1.13' ],
22 silly audit   'update-browserslist-db': [ '1.2.3' ],
22 silly audit   'util-deprecate': [ '1.0.2' ],
22 silly audit   vite: [ '6.4.2' ],
22 silly audit   yallist: [ '3.1.1' ],
22 silly audit   yaml: [ '2.8.1' ]
22 silly audit }
23 verbose reify failed optional dependency C:\Users\Kevin\Documents\GitHub\erpillumenatelighting\tools\yaml_builder_ui\node_modules\fsevents
24 silly reify mark deleted [
24 silly reify   'C:\\Users\\Kevin\\Documents\\GitHub\\erpillumenatelighting\\tools\\yaml_builder_ui\\node_modules\\fsevents'
24 silly reify ]
25 verbose reify failed optional dependency C:\Users\Kevin\Documents\GitHub\erpillumenatelighting\tools\yaml_builder_ui\node_modules\@rollup\rollup-win32-ia32-msvc
26 silly reify mark deleted [
26 silly reify   'C:\\Users\\Kevin\\Documents\\GitHub\\erpillumenatelighting\\tools\\yaml_builder_ui\\node_modules\\@rollup\\rollup-win32-ia32-msvc'
26 silly reify ]
27 verbose reify failed optional dependency C:\Users\Kevin\Documents\GitHub\erpillumenatelighting\tools\yaml_builder_ui\node_modules\@rollup\rollup-win32-arm64-msvc
28 silly reify mark deleted [
28 silly reify   'C:\\Users\\Kevin\\Documents\\GitHub\\erpillumenatelighting\\tools\\yaml_builder_ui\\node_modules\\@rollup\\rollup-win32-arm64-msvc'
28 silly reify ]
29 verbose reify failed optional dependency C:\Users\Kevin\Documents\GitHub\erpillumenatelighting\tools\yaml_builder_ui\node_modules\@rollup\rollup-openharmony-arm64
30 silly reify mark deleted [
30 silly reify   'C:\\Users\\Kevin\\Documents\\GitHub\\erpillumenatelighting\\tools\\yaml_builder_ui\\node_modules\\@rollup\\rollup-openharmony-arm64'
30 silly reify ]
31 verbose reify failed optional dependency C:\Users\Kevin\Documents\GitHub\erpillumenatelighting\tools\yaml_builder_ui\node_modules\@rollup\rollup-openbsd-x64
32 silly reify mark deleted [
32 silly reify   'C:\\Users\\Kevin\\Documents\\GitHub\\erpillumenatelighting\\tools\\yaml_builder_ui\\node_modules\\@rollup\\rollup-openbsd-x64'
32 silly reify ]
33 verbose reify failed optional dependency C:\Users\Kevin\Documents\GitHub\erpillumenatelighting\tools\yaml_builder_ui\node_modules\@rollup\rollup-linux-x64-musl
34 silly reify mark deleted [
34 silly reify   'C:\\Users\\Kevin\\Documents\\GitHub\\erpillumenatelighting\\tools\\yaml_builder_ui\\node_modules\\@rollup\\rollup-linux-x64-musl'
34 silly reify ]
35 verbose reify failed optional dependency C:\Users\Kevin\Documents\GitHub\erpillumenatelighting\tools\yaml_builder_ui\node_modules\@rollup\rollup-linux-x64-gnu
36 silly reify mark deleted [
36 silly reify   'C:\\Users\\Kevin\\Documents\\GitHub\\erpillumenatelighting\\tools\\yaml_builder_ui\\node_modules\\@rollup\\rollup-linux-x64-gnu'
36 silly reify ]
37 verbose reify failed optional dependency C:\Users\Kevin\Documents\GitHub\erpillumenatelighting\tools\yaml_builder_ui\node_modules\@rollup\rollup-linux-s390x-gnu
38 silly reify mark deleted [
38 silly reify   'C:\\Users\\Kevin\\Documents\\GitHub\\erpillumenatelighting\\tools\\yaml_builder_ui\\node_modules\\@rollup\\rollup-linux-s390x-gnu'
38 silly reify ]
39 verbose reify failed optional dependency C:\Users\Kevin\Documents\GitHub\erpillumenatelighting\tools\yaml_builder_ui\node_modules\@rollup\rollup-linux-riscv64-musl
40 silly reify mark deleted [
40 silly reify   'C:\\Users\\Kevin\\Documents\\GitHub\\erpillumenatelighting\\tools\\yaml_builder_ui\\node_modules\\@rollup\\rollup-linux-riscv64-musl'
40 silly reify ]
41 verbose reify failed optional dependency C:\Users\Kevin\Documents\GitHub\erpillumenatelighting\tools\yaml_builder_ui\node_modules\@rollup\rollup-linux-riscv64-gnu
42 silly reify mark deleted [
42 silly reify   'C:\\Users\\Kevin\\Documents\\GitHub\\erpillumenatelighting\\tools\\yaml_builder_ui\\node_modules\\@rollup\\rollup-linux-riscv64-gnu'
42 silly reify ]
43 verbose reify failed optional dependency C:\Users\Kevin\Documents\GitHub\erpillumenatelighting\tools\yaml_builder_ui\node_modules\@rollup\rollup-linux-ppc64-musl
44 silly reify mark deleted [
44 silly reify   'C:\\Users\\Kevin\\Documents\\GitHub\\erpillumenatelighting\\tools\\yaml_builder_ui\\node_modules\\@rollup\\rollup-linux-ppc64-musl'
44 silly reify ]
45 verbose reify failed optional dependency C:\Users\Kevin\Documents\GitHub\erpillumenatelighting\tools\yaml_builder_ui\node_modules\@rollup\rollup-linux-ppc64-gnu
46 silly reify mark deleted [
46 silly reify   'C:\\Users\\Kevin\\Documents\\GitHub\\erpillumenatelighting\\tools\\yaml_builder_ui\\node_modules\\@rollup\\rollup-linux-ppc64-gnu'
46 silly reify ]
47 verbose reify failed optional dependency C:\Users\Kevin\Documents\GitHub\erpillumenatelighting\tools\yaml_builder_ui\node_modules\@rollup\rollup-linux-loong64-musl
48 silly reify mark deleted [
48 silly reify   'C:\\Users\\Kevin\\Documents\\GitHub\\erpillumenatelighting\\tools\\yaml_builder_ui\\node_modules\\@rollup\\rollup-linux-loong64-musl'
48 silly reify ]
49 verbose reify failed optional dependency C:\Users\Kevin\Documents\GitHub\erpillumenatelighting\tools\yaml_builder_ui\node_modules\@rollup\rollup-linux-loong64-gnu
50 silly reify mark deleted [
50 silly reify   'C:\\Users\\Kevin\\Documents\\GitHub\\erpillumenatelighting\\tools\\yaml_builder_ui\\node_modules\\@rollup\\rollup-linux-loong64-gnu'
50 silly reify ]
51 verbose reify failed optional dependency C:\Users\Kevin\Documents\GitHub\erpillumenatelighting\tools\yaml_builder_ui\node_modules\@rollup\rollup-linux-arm64-musl
52 silly reify mark deleted [
52 silly reify   'C:\\Users\\Kevin\\Documents\\GitHub\\erpillumenatelighting\\tools\\yaml_builder_ui\\node_modules\\@rollup\\rollup-linux-arm64-musl'
52 silly reify ]
53 verbose reify failed optional dependency C:\Users\Kevin\Documents\GitHub\erpillumenatelighting\tools\yaml_builder_ui\node_modules\@rollup\rollup-linux-arm64-gnu
54 silly reify mark deleted [
54 silly reify   'C:\\Users\\Kevin\\Documents\\GitHub\\erpillumenatelighting\\tools\\yaml_builder_ui\\node_modules\\@rollup\\rollup-linux-arm64-gnu'
54 silly reify ]
55 verbose reify failed optional dependency C:\Users\Kevin\Documents\GitHub\erpillumenatelighting\tools\yaml_builder_ui\node_modules\@rollup\rollup-linux-arm-musleabihf
56 silly reify mark deleted [
56 silly reify   'C:\\Users\\Kevin\\Documents\\GitHub\\erpillumenatelighting\\tools\\yaml_builder_ui\\node_modules\\@rollup\\rollup-linux-arm-musleabihf'
56 silly reify ]
57 verbose reify failed optional dependency C:\Users\Kevin\Documents\GitHub\erpillumenatelighting\tools\yaml_builder_ui\node_modules\@rollup\rollup-linux-arm-gnueabihf
58 silly reify mark deleted [
58 silly reify   'C:\\Users\\Kevin\\Documents\\GitHub\\erpillumenatelighting\\tools\\yaml_builder_ui\\node_modules\\@rollup\\rollup-linux-arm-gnueabihf'
58 silly reify ]
59 verbose reify failed optional dependency C:\Users\Kevin\Documents\GitHub\erpillumenatelighting\tools\yaml_builder_ui\node_modules\@rollup\rollup-freebsd-x64
60 silly reify mark deleted [
60 silly reify   'C:\\Users\\Kevin\\Documents\\GitHub\\erpillumenatelighting\\tools\\yaml_builder_ui\\node_modules\\@rollup\\rollup-freebsd-x64'
60 silly reify ]
61 verbose reify failed optional dependency C:\Users\Kevin\Documents\GitHub\erpillumenatelighting\tools\yaml_builder_ui\node_modules\@rollup\rollup-freebsd-arm64
62 silly reify mark deleted [
62 silly reify   'C:\\Users\\Kevin\\Documents\\GitHub\\erpillumenatelighting\\tools\\yaml_builder_ui\\node_modules\\@rollup\\rollup-freebsd-arm64'
62 silly reify ]
63 verbose reify failed optional dependency C:\Users\Kevin\Documents\GitHub\erpillumenatelighting\tools\yaml_builder_ui\node_modules\@rollup\rollup-darwin-x64
64 silly reify mark deleted [
64 silly reify   'C:\\Users\\Kevin\\Documents\\GitHub\\erpillumenatelighting\\tools\\yaml_builder_ui\\node_modules\\@rollup\\rollup-darwin-x64'
64 silly reify ]
65 verbose reify failed optional dependency C:\Users\Kevin\Documents\GitHub\erpillumenatelighting\tools\yaml_builder_ui\node_modules\@rollup\rollup-darwin-arm64
66 silly reify mark deleted [
66 silly reify   'C:\\Users\\Kevin\\Documents\\GitHub\\erpillumenatelighting\\tools\\yaml_builder_ui\\node_modules\\@rollup\\rollup-darwin-arm64'
66 silly reify ]
67 verbose reify failed optional dependency C:\Users\Kevin\Documents\GitHub\erpillumenatelighting\tools\yaml_builder_ui\node_modules\@rollup\rollup-android-arm64
68 silly reify mark deleted [
68 silly reify   'C:\\Users\\Kevin\\Documents\\GitHub\\erpillumenatelighting\\tools\\yaml_builder_ui\\node_modules\\@rollup\\rollup-android-arm64'
68 silly reify ]
69 verbose reify failed optional dependency C:\Users\Kevin\Documents\GitHub\erpillumenatelighting\tools\yaml_builder_ui\node_modules\@rollup\rollup-android-arm-eabi
70 silly reify mark deleted [
70 silly reify   'C:\\Users\\Kevin\\Documents\\GitHub\\erpillumenatelighting\\tools\\yaml_builder_ui\\node_modules\\@rollup\\rollup-android-arm-eabi'
70 silly reify ]
71 verbose reify failed optional dependency C:\Users\Kevin\Documents\GitHub\erpillumenatelighting\tools\yaml_builder_ui\node_modules\@esbuild\win32-ia32
72 silly reify mark deleted [
72 silly reify   'C:\\Users\\Kevin\\Documents\\GitHub\\erpillumenatelighting\\tools\\yaml_builder_ui\\node_modules\\@esbuild\\win32-ia32'
72 silly reify ]
73 verbose reify failed optional dependency C:\Users\Kevin\Documents\GitHub\erpillumenatelighting\tools\yaml_builder_ui\node_modules\@esbuild\win32-arm64
74 silly reify mark deleted [
74 silly reify   'C:\\Users\\Kevin\\Documents\\GitHub\\erpillumenatelighting\\tools\\yaml_builder_ui\\node_modules\\@esbuild\\win32-arm64'
74 silly reify ]
75 verbose reify failed optional dependency C:\Users\Kevin\Documents\GitHub\erpillumenatelighting\tools\yaml_builder_ui\node_modules\@esbuild\sunos-x64
76 silly reify mark deleted [
76 silly reify   'C:\\Users\\Kevin\\Documents\\GitHub\\erpillumenatelighting\\tools\\yaml_builder_ui\\node_modules\\@esbuild\\sunos-x64'
76 silly reify ]
77 verbose reify failed optional dependency C:\Users\Kevin\Documents\GitHub\erpillumenatelighting\tools\yaml_builder_ui\node_modules\@esbuild\openharmony-arm64
78 silly reify mark deleted [
78 silly reify   'C:\\Users\\Kevin\\Documents\\GitHub\\erpillumenatelighting\\tools\\yaml_builder_ui\\node_modules\\@esbuild\\openharmony-arm64'
78 silly reify ]
79 verbose reify failed optional dependency C:\Users\Kevin\Documents\GitHub\erpillumenatelighting\tools\yaml_builder_ui\node_modules\@esbuild\openbsd-x64
80 silly reify mark deleted [
80 silly reify   'C:\\Users\\Kevin\\Documents\\GitHub\\erpillumenatelighting\\tools\\yaml_builder_ui\\node_modules\\@esbuild\\openbsd-x64'
80 silly reify ]
81 verbose reify failed optional dependency C:\Users\Kevin\Documents\GitHub\erpillumenatelighting\tools\yaml_builder_ui\node_modules\@esbuild\openbsd-arm64
82 silly reify mark deleted [
82 silly reify   'C:\\Users\\Kevin\\Documents\\GitHub\\erpillumenatelighting\\tools\\yaml_builder_ui\\node_modules\\@esbuild\\openbsd-arm64'
82 silly reify ]
83 verbose reify failed optional dependency C:\Users\Kevin\Documents\GitHub\erpillumenatelighting\tools\yaml_builder_ui\node_modules\@esbuild\netbsd-x64
84 silly reify mark deleted [
84 silly reify   'C:\\Users\\Kevin\\Documents\\GitHub\\erpillumenatelighting\\tools\\yaml_builder_ui\\node_modules\\@esbuild\\netbsd-x64'
84 silly reify ]
85 verbose reify failed optional dependency C:\Users\Kevin\Documents\GitHub\erpillumenatelighting\tools\yaml_builder_ui\node_modules\@esbuild\netbsd-arm64
86 silly reify mark deleted [
86 silly reify   'C:\\Users\\Kevin\\Documents\\GitHub\\erpillumenatelighting\\tools\\yaml_builder_ui\\node_modules\\@esbuild\\netbsd-arm64'
86 silly reify ]
87 verbose reify failed optional dependency C:\Users\Kevin\Documents\GitHub\erpillumenatelighting\tools\yaml_builder_ui\node_modules\@esbuild\linux-x64
88 silly reify mark deleted [
88 silly reify   'C:\\Users\\Kevin\\Documents\\GitHub\\erpillumenatelighting\\tools\\yaml_builder_ui\\node_modules\\@esbuild\\linux-x64'
88 silly reify ]
89 verbose reify failed optional dependency C:\Users\Kevin\Documents\GitHub\erpillumenatelighting\tools\yaml_builder_ui\node_modules\@esbuild\linux-s390x
90 silly reify mark deleted [
90 silly reify   'C:\\Users\\Kevin\\Documents\\GitHub\\erpillumenatelighting\\tools\\yaml_builder_ui\\node_modules\\@esbuild\\linux-s390x'
90 silly reify ]
91 verbose reify failed optional dependency C:\Users\Kevin\Documents\GitHub\erpillumenatelighting\tools\yaml_builder_ui\node_modules\@esbuild\linux-riscv64
92 silly reify mark deleted [
92 silly reify   'C:\\Users\\Kevin\\Documents\\GitHub\\erpillumenatelighting\\tools\\yaml_builder_ui\\node_modules\\@esbuild\\linux-riscv64'
92 silly reify ]
93 verbose reify failed optional dependency C:\Users\Kevin\Documents\GitHub\erpillumenatelighting\tools\yaml_builder_ui\node_modules\@esbuild\linux-ppc64
94 silly reify mark deleted [
94 silly reify   'C:\\Users\\Kevin\\Documents\\GitHub\\erpillumenatelighting\\tools\\yaml_builder_ui\\node_modules\\@esbuild\\linux-ppc64'
94 silly reify ]
95 verbose reify failed optional dependency C:\Users\Kevin\Documents\GitHub\erpillumenatelighting\tools\yaml_builder_ui\node_modules\@esbuild\linux-mips64el
96 silly reify mark deleted [
96 silly reify   'C:\\Users\\Kevin\\Documents\\GitHub\\erpillumenatelighting\\tools\\yaml_builder_ui\\node_modules\\@esbuild\\linux-mips64el'
96 silly reify ]
97 verbose reify failed optional dependency C:\Users\Kevin\Documents\GitHub\erpillumenatelighting\tools\yaml_builder_ui\node_modules\@esbuild\linux-loong64
98 silly reify mark deleted [
98 silly reify   'C:\\Users\\Kevin\\Documents\\GitHub\\erpillumenatelighting\\tools\\yaml_builder_ui\\node_modules\\@esbuild\\linux-loong64'
98 silly reify ]
99 verbose reify failed optional dependency C:\Users\Kevin\Documents\GitHub\erpillumenatelighting\tools\yaml_builder_ui\node_modules\@esbuild\linux-ia32
100 silly reify mark deleted [
100 silly reify   'C:\\Users\\Kevin\\Documents\\GitHub\\erpillumenatelighting\\tools\\yaml_builder_ui\\node_modules\\@esbuild\\linux-ia32'
100 silly reify ]
101 verbose reify failed optional dependency C:\Users\Kevin\Documents\GitHub\erpillumenatelighting\tools\yaml_builder_ui\node_modules\@esbuild\linux-arm64
102 silly reify mark deleted [
102 silly reify   'C:\\Users\\Kevin\\Documents\\GitHub\\erpillumenatelighting\\tools\\yaml_builder_ui\\node_modules\\@esbuild\\linux-arm64'
102 silly reify ]
103 verbose reify failed optional dependency C:\Users\Kevin\Documents\GitHub\erpillumenatelighting\tools\yaml_builder_ui\node_modules\@esbuild\linux-arm
104 silly reify mark deleted [
104 silly reify   'C:\\Users\\Kevin\\Documents\\GitHub\\erpillumenatelighting\\tools\\yaml_builder_ui\\node_modules\\@esbuild\\linux-arm'
104 silly reify ]
105 verbose reify failed optional dependency C:\Users\Kevin\Documents\GitHub\erpillumenatelighting\tools\yaml_builder_ui\node_modules\@esbuild\freebsd-x64
106 silly reify mark deleted [
106 silly reify   'C:\\Users\\Kevin\\Documents\\GitHub\\erpillumenatelighting\\tools\\yaml_builder_ui\\node_modules\\@esbuild\\freebsd-x64'
106 silly reify ]
107 verbose reify failed optional dependency C:\Users\Kevin\Documents\GitHub\erpillumenatelighting\tools\yaml_builder_ui\node_modules\@esbuild\freebsd-arm64
108 silly reify mark deleted [
108 silly reify   'C:\\Users\\Kevin\\Documents\\GitHub\\erpillumenatelighting\\tools\\yaml_builder_ui\\node_modules\\@esbuild\\freebsd-arm64'
108 silly reify ]
109 verbose reify failed optional dependency C:\Users\Kevin\Documents\GitHub\erpillumenatelighting\tools\yaml_builder_ui\node_modules\@esbuild\darwin-x64
110 silly reify mark deleted [
110 silly reify   'C:\\Users\\Kevin\\Documents\\GitHub\\erpillumenatelighting\\tools\\yaml_builder_ui\\node_modules\\@esbuild\\darwin-x64'
110 silly reify ]
111 verbose reify failed optional dependency C:\Users\Kevin\Documents\GitHub\erpillumenatelighting\tools\yaml_builder_ui\node_modules\@esbuild\darwin-arm64
112 silly reify mark deleted [
112 silly reify   'C:\\Users\\Kevin\\Documents\\GitHub\\erpillumenatelighting\\tools\\yaml_builder_ui\\node_modules\\@esbuild\\darwin-arm64'
112 silly reify ]
113 verbose reify failed optional dependency C:\Users\Kevin\Documents\GitHub\erpillumenatelighting\tools\yaml_builder_ui\node_modules\@esbuild\android-x64
114 silly reify mark deleted [
114 silly reify   'C:\\Users\\Kevin\\Documents\\GitHub\\erpillumenatelighting\\tools\\yaml_builder_ui\\node_modules\\@esbuild\\android-x64'
114 silly reify ]
115 verbose reify failed optional dependency C:\Users\Kevin\Documents\GitHub\erpillumenatelighting\tools\yaml_builder_ui\node_modules\@esbuild\android-arm64
116 silly reify mark deleted [
116 silly reify   'C:\\Users\\Kevin\\Documents\\GitHub\\erpillumenatelighting\\tools\\yaml_builder_ui\\node_modules\\@esbuild\\android-arm64'
116 silly reify ]
117 verbose reify failed optional dependency C:\Users\Kevin\Documents\GitHub\erpillumenatelighting\tools\yaml_builder_ui\node_modules\@esbuild\android-arm
118 silly reify mark deleted [
118 silly reify   'C:\\Users\\Kevin\\Documents\\GitHub\\erpillumenatelighting\\tools\\yaml_builder_ui\\node_modules\\@esbuild\\android-arm'
118 silly reify ]
119 verbose reify failed optional dependency C:\Users\Kevin\Documents\GitHub\erpillumenatelighting\tools\yaml_builder_ui\node_modules\@esbuild\aix-ppc64
120 silly reify mark deleted [
120 silly reify   'C:\\Users\\Kevin\\Documents\\GitHub\\erpillumenatelighting\\tools\\yaml_builder_ui\\node_modules\\@esbuild\\aix-ppc64'
120 silly reify ]
121 http cache yaml@https://registry.npmjs.org/yaml/-/yaml-2.8.1.tgz 0ms (cache hit)
122 silly tarball no local data for yaml@https://registry.npmjs.org/yaml/-/yaml-2.8.1.tgz. Extracting by manifest.
123 http fetch POST 200 https://registry.npmjs.org/-/npm/v1/security/advisories/bulk 79ms
124 silly audit report {
124 silly audit report   'baseline-browser-mapping': [
124 silly audit report     {
124 silly audit report       id: 1193686,
124 silly audit report       url: 'https://github.com/advisories/GHSA-w5vr-8v7q-w6rv',
124 silly audit report       title: 'baseline-browser-mapping process termination on invalid input causes denial of service',
124 silly audit report       severity: 'moderate',
124 silly audit report       vulnerable_versions: '>=2.0.0 <2.11.0',
124 silly audit report       cwe: [Array],
124 silly audit report       cvss: [Object]
124 silly audit report     }
124 silly audit report   ],
124 silly audit report   browserslist: [
124 silly audit report     {
124 silly audit report       id: 1153171,
124 silly audit report       url: 'https://github.com/advisories/GHSA-c83g-rgw3-j3cx',
124 silly audit report       title: 'Browserslist: Unbounded memory growth (no cache eviction) via distinct query results, leading to eventual OOM',
124 silly audit report       severity: 'high',
124 silly audit report       vulnerable_versions: '<=4.28.6',
124 silly audit report       cwe: [Array],
124 silly audit report       cvss: [Object]
124 silly audit report     },
124 silly audit report     {
124 silly audit report       id: 1153172,
124 silly audit report       url: 'https://github.com/advisories/GHSA-73wf-gq98-2v4g',
124 silly audit report       title: 'Browserslist: Uncaught crash / prototype write via untrusted browserslist-stats.json custom stats (normalizeStats)',
124 silly audit report       severity: 'high',
124 silly audit report       vulnerable_versions: '<=4.28.6',
124 silly audit report       cwe: [Array],
124 silly audit report       cvss: [Object]
124 silly audit report     }
124 silly audit report   ],
124 silly audit report   nanoid: [
124 silly audit report     {
124 silly audit report       id: 1138811,
124 silly audit report       url: 'https://github.com/advisories/GHSA-28wg-ghj8-5hjv',
124 silly audit report       title: 'nanoid: non-secure generators can loop indefinitely with negative size',
124 silly audit report       severity: 'high',
124 silly audit report       vulnerable_versions: '<3.3.16',
124 silly audit report       cwe: [Array],
124 silly audit report       cvss: [Object]
124 silly audit report     },
124 silly audit report     {
124 silly audit report       id: 1139427,
124 silly audit report       url: 'https://github.com/advisories/GHSA-2v37-7h3g-55p8',
124 silly audit report       title: 'nanoid: custom generators can loop indefinitely when size is zero',
124 silly audit report       severity: 'high',
124 silly audit report       vulnerable_versions: '<3.3.18',
124 silly audit report       cwe: [Array],
124 silly audit report       cvss: [Object]
124 silly audit report     }
124 silly audit report   ],
124 silly audit report   postcss: [
124 silly audit report     {
124 silly audit report       id: 1130709,
124 silly audit report       url: 'https://github.com/advisories/GHSA-fxqj-rqcc-2cmp',
124 silly audit report       title: 'PostCSS: incomplete fix of GHSA-6g55-p6wh-862q — attacker-controlled sourceMappingURL reads arbitrary .map files when `from` is unset',
124 silly audit report       severity: 'moderate',
124 silly audit report       vulnerable_versions: '<=8.5.22',
124 silly audit report       cwe: [Array],
124 silly audit report       cvss: [Object]
124 silly audit report     },
124 silly audit report     {
124 silly audit report       id: 1139510,
124 silly audit report       url: 'https://github.com/advisories/GHSA-r28c-9q8g-f849',
124 silly audit report       title: 'PostCSS: Path Traversal in Previous Source Map Auto-Loading (sourceMappingURL) leads to Arbitrary .map File Disclosure',
124 silly audit report       severity: 'high',
124 silly audit report       vulnerable_versions: '<=8.5.17',
124 silly audit report       cwe: [Array],
124 silly audit report       cvss: [Object]
124 silly audit report     }
124 silly audit report   ],
124 silly audit report   'postcss-selector-parser': [
124 silly audit report     {
124 silly audit report       id: 1153170,
124 silly audit report       url: 'https://github.com/advisories/GHSA-w9m9-85wc-3x92',
124 silly audit report       title: 'postcss-selector-parser allows denial of service through uncontrolled AST recursion',
124 silly audit report       severity: 'low',
124 silly audit report       vulnerable_versions: '>=6.1.0 <6.1.3',
124 silly audit report       cwe: [Array],
124 silly audit report       cvss: [Object]
124 silly audit report     }
124 silly audit report   ],
124 silly audit report   vite: [
124 silly audit report     {
124 silly audit report       id: 1120784,
124 silly audit report       url: 'https://github.com/advisories/GHSA-v6wh-96g9-6wx3',
124 silly audit report       title: 'launch-editor: NTLMv2 hash disclosure via UNC path handling on Windows',
124 silly audit report       severity: 'moderate',
124 silly audit report       vulnerable_versions: '<=6.4.2',
124 silly audit report       cwe: [Array],
124 silly audit report       cvss: [Object]
124 silly audit report     },
124 silly audit report     {
124 silly audit report       id: 1123525,
124 silly audit report       url: 'https://github.com/advisories/GHSA-fx2h-pf6j-xcff',
124 silly audit report       title: 'vite: `server.fs.deny` bypass on Windows alternate paths',
124 silly audit report       severity: 'high',
124 silly audit report       vulnerable_versions: '<=6.4.2',
124 silly audit report       cwe: [Array],
124 silly audit report       cvss: [Object]
124 silly audit report     }
124 silly audit report   ],
124 silly audit report   yaml: [
124 silly audit report     {
124 silly audit report       id: 1115556,
124 silly audit report       url: 'https://github.com/advisories/GHSA-48c2-rrv3-qjmp',
124 silly audit report       title: 'yaml is vulnerable to Stack Overflow via deeply nested YAML collections',
124 silly audit report       severity: 'moderate',
124 silly audit report       vulnerable_versions: '>=2.0.0 <2.8.3',
124 silly audit report       cwe: [Array],
124 silly audit report       cvss: [Object]
124 silly audit report     }
124 silly audit report   ]
124 silly audit report }
125 silly packumentCache corgi:https://registry.npmjs.org/baseline-browser-mapping cache-miss
126 silly packumentCache corgi:https://registry.npmjs.org/browserslist cache-miss
127 silly packumentCache corgi:https://registry.npmjs.org/nanoid cache-miss
128 silly packumentCache corgi:https://registry.npmjs.org/postcss cache-miss
129 silly packumentCache corgi:https://registry.npmjs.org/postcss-selector-parser cache-miss
130 silly packumentCache corgi:https://registry.npmjs.org/vite cache-miss
131 silly packumentCache corgi:https://registry.npmjs.org/yaml cache-miss
132 http fetch GET 200 https://registry.npmjs.org/postcss 55ms (cache miss)
133 silly packumentCache corgi:https://registry.npmjs.org/postcss set size:undefined disposed:false
134 http fetch GET 200 https://registry.npmjs.org/baseline-browser-mapping 68ms (cache miss)
135 silly packumentCache corgi:https://registry.npmjs.org/baseline-browser-mapping set size:undefined disposed:false
136 http fetch GET 200 https://registry.npmjs.org/postcss-selector-parser 81ms (cache miss)
137 silly packumentCache corgi:https://registry.npmjs.org/postcss-selector-parser set size:undefined disposed:false
138 http fetch GET 200 https://registry.npmjs.org/browserslist 89ms (cache miss)
139 silly packumentCache corgi:https://registry.npmjs.org/browserslist set size:undefined disposed:false
140 http fetch GET 200 https://registry.npmjs.org/nanoid 99ms (cache miss)
141 silly packumentCache corgi:https://registry.npmjs.org/nanoid set size:undefined disposed:false
142 http fetch GET 200 https://registry.npmjs.org/yaml 107ms (cache miss)
143 silly packumentCache corgi:https://registry.npmjs.org/yaml set size:undefined disposed:false
144 http fetch GET 200 https://registry.npmjs.org/vite 158ms (cache miss)
145 silly packumentCache corgi:https://registry.npmjs.org/vite set size:undefined disposed:false
146 silly packumentCache corgi:https://registry.npmjs.org/@babel%2fhelper-compilation-targets cache-miss
147 silly packumentCache corgi:https://registry.npmjs.org/autoprefixer cache-miss
148 silly packumentCache corgi:https://registry.npmjs.org/update-browserslist-db cache-miss
149 http fetch GET 200 https://registry.npmjs.org/update-browserslist-db 31ms (cache miss)
150 silly packumentCache corgi:https://registry.npmjs.org/update-browserslist-db set size:undefined disposed:false
151 http fetch GET 200 https://registry.npmjs.org/@babel%2fhelper-compilation-targets 39ms (cache miss)
152 silly packumentCache corgi:https://registry.npmjs.org/@babel%2fhelper-compilation-targets set size:undefined disposed:false
153 http fetch GET 200 https://registry.npmjs.org/autoprefixer 54ms (cache miss)
154 silly packumentCache corgi:https://registry.npmjs.org/autoprefixer set size:undefined disposed:false
155 silly packumentCache corgi:https://registry.npmjs.org/postcss-import cache-miss
156 silly packumentCache corgi:https://registry.npmjs.org/postcss-js cache-miss
157 silly packumentCache corgi:https://registry.npmjs.org/postcss-load-config cache-miss
158 silly packumentCache corgi:https://registry.npmjs.org/postcss-nested cache-miss
159 silly packumentCache corgi:https://registry.npmjs.org/tailwindcss cache-miss
160 http fetch GET 200 https://registry.npmjs.org/postcss-load-config 273ms (cache miss)
161 silly packumentCache corgi:https://registry.npmjs.org/postcss-load-config set size:undefined disposed:false
162 http fetch GET 200 https://registry.npmjs.org/postcss-nested 275ms (cache miss)
163 silly packumentCache corgi:https://registry.npmjs.org/postcss-nested set size:undefined disposed:false
164 http fetch GET 200 https://registry.npmjs.org/postcss-js 280ms (cache miss)
165 silly packumentCache corgi:https://registry.npmjs.org/postcss-js set size:undefined disposed:false
166 http fetch GET 200 https://registry.npmjs.org/postcss-import 459ms (cache miss)
167 silly packumentCache corgi:https://registry.npmjs.org/postcss-import set size:undefined disposed:false
168 http fetch GET 200 https://registry.npmjs.org/tailwindcss 488ms (cache miss)
169 silly packumentCache corgi:https://registry.npmjs.org/tailwindcss set size:undefined disposed:false
170 silly packumentCache corgi:https://registry.npmjs.org/@vitejs%2fplugin-react cache-miss
171 http fetch GET 200 https://registry.npmjs.org/@vitejs%2fplugin-react 54ms (cache miss)
172 silly packumentCache corgi:https://registry.npmjs.org/@vitejs%2fplugin-react set size:undefined disposed:false
173 http fetch GET 200 https://registry.npmjs.org/yaml/-/yaml-2.8.1.tgz 1329ms (cache miss)
174 silly ADD node_modules/yaml
175 silly ADD
176 silly ADD
177 silly ADD
178 silly ADD
179 silly ADD
180 silly ADD
181 silly ADD
182 silly ADD
183 silly ADD
184 silly ADD
185 silly ADD
186 silly ADD
187 silly ADD
188 silly ADD
189 silly ADD
190 silly ADD
191 silly ADD
192 silly ADD
193 silly ADD
194 silly ADD
195 silly ADD
196 silly ADD
197 silly ADD
198 silly ADD
199 silly ADD
200 silly ADD
201 silly ADD
202 silly ADD
203 silly ADD
204 silly ADD
205 silly ADD
206 silly ADD
207 silly ADD
208 silly ADD
209 silly ADD
210 silly ADD
211 silly ADD
212 silly ADD
213 silly ADD
214 silly ADD
215 silly ADD
216 silly ADD
217 silly ADD
218 silly ADD
219 silly ADD
220 silly ADD
221 silly ADD
222 silly ADD
223 silly ADD
224 verbose cwd C:\Users\Kevin\Documents\GitHub\erpillumenatelighting\tools\yaml_builder_ui
225 verbose os Windows_NT 10.0.26200
226 verbose node v22.15.0
227 verbose npm  v10.9.2
228 notice
228 notice New major version of npm available! 10.9.2 -> 12.1.0
228 notice Changelog: https://github.com/npm/cli/releases/tag/v12.1.0
228 notice To update run: npm install -g npm@12.1.0
228 notice  { force: true, [Symbol(proc-log.meta)]: true }
229 verbose exit 0
230 info ok
